// Jest Snapshot v1, https://goo.gl/fbAQLP

exports[`Nav component Matches snapshot DOM node structures 1`] = `
<DocumentFragment>
  <header
    class="flex-row"
  >
    <h2>
      <a
        href="/"
      >
        Sean McDaniel
      </a>
    </h2>
    <nav>
      <ul
        class="flex-row"
      >
        <li
          class="mx-2"
        >
          <a
            href="#about"
          >
            About Me
          </a>
        </li>
        <li>
          <span>
            Contact
          </span>
        </li>
        <li
          class="mx-1"
        >
          <span>
            Projects
          </span>
        </li>
      </ul>
    </nav>
  </header>
</DocumentFragment>
`;
